999000000000000
1e+15
0.0003 3e-05
-4.5e-281
1000000
