1000000
5
65
257
-7733
-342391
-840264297869552782
