0.512
(-128, 2187)
1
(1, 1)
(0, 1)
0.125
(1, 121)
0.4096
