4/63 1/21 -4/63 -1/21
0/1 0/1 0/1 0/1
1/2
128571428571428571428/1 -128571428571428571429/1 128571428571428571428/1 -128571428571428571429/1
192/1 -192/1 192/1 -192/1
3/1
