0.285714
-0.333333
0.6
-0.0777778
-1.375
24.25
-5
0.0002
0
0
-3.924
(-3, 22)
(7, 4)
