9223372036854775808/1
-18446744073709551616/3
1/100
