0.5 -0.866025403784439 1.73205080756888
0.0 90.0
0.0 -135.0
