4.0 988.0 -46.0 -1735.0
1234.6 -0.8273 0.0
-40.0 1000.0
