0.365676659974534
0.89382462424748
0.365676659974534
0.89382462424748
