3 -1 -4.98
7 1/2 -1.5
0 0.01 1.0
5.3 9 3/8
0 1.0 -1 1/2
