15625 -27
4294967296
177917621779460413
0 1 -1 1 0
-1 1 1
