12
true
[92, 39, 34, 7, 8, 12, 10, 13, 9, 0, 11, 127]
