["abc", "ghi"]
abc ghi
["", "bc"]
["qwert", ""]
["test"]
["1", "41", "41", "4"]
["X", "Y", "Z"]
1
