(3, 5, "7", 0.12)
(-1, 'x', "test", 8)
(0, (2.9, 'A', "B"), "C", "D")
