42.42 -987.987654321098
~1234567890123.45
1e-33 6.7e+42
