0/1
-1/6
1371742100137174210013717421/1097393690109739369
