qwerty ['q', 'w', 'e', 'r', 't', 'z']
qwertz ['q', 'w', 'e', 'r', 't', '.']
