0-8251035946488047
-9223372036854775808 9223372036854775807
