true
false
{'A': true}
{3: "2020"}
21.9
(372, -1906500)
