(2, 7)
(9, 7)
(8, 1)
(35, 6)
(11, 3)
(3, 2)
(-2, 3)
(0, 1)
(3, 4)
(3, 2)
