[null]
[null, true, false]
['a', null]
["q", null, "werty"]
