[1, null]
[true]
null
('c', 3.5)
('C', null)
null
("abc", [])
