destructor 1
destructor 3
destructor 4
destructor 0
