[<Test object>]
(<Test object>, "test")
<Test object> test
