(5, 5)
(5, 2)
(7, 7)
(7, 4)
(7, 1)
(9, 9)
(9, 6)
(9, 3)
