true false
true false
[3, 5]
[2, 6, -1]
55.0
3628800 2
