[1e+16, 2.5]
["", "qwerty", "t"]
[3, 3]
[null, true, false]
[]
