[false, true, false, true]
['Y', 'T', 'O', 'J', 'E']
