[3.142857, 2.3571429, 1.571429, 0.7857143, 0]
9999
