[c, d, xyz]
[-1, 0, 1/32, 1/16]
[5.0, 4.25, 3.5, 0.0, 1.0, 0.5]
