 42~83	m598
22#

3Tu6$:%($:C{_$L{T<__AB*C	 (XYZ]667
