true false
false true
{'A'}
{-0.25}
15
-5040 3.25
